Building DAG of jobs...
Using shell: /bin/bash
Provided cores: 1 (use --cores to define parallelism)
Rules claiming more threads will be scaled down.
Job stats:
job                     count
--------------------  -------
create_training_sets        3
preprocess                  1
train_models_RNN            3
total                       7

Select jobs to execute...

[Wed Mar 25 23:44:18 2026]
rule preprocess:
    input: /Users/davidmeijer/Desktop/20260325_harvest/real_lipopeptides_graph_conditioning.jsonl
    output: /Users/davidmeijer/Desktop/HARVEST_test/prior/raw/real_lipopeptides_graph_conditioning.jsonl, /Users/davidmeijer/Desktop/HARVEST_test/prior/raw/real_lipopeptides_graph_conditioning_config.yaml
    jobid: 5
    reason: Forced execution
    wildcards: output_dir=/Users/davidmeijer/Desktop/HARVEST_test, dataset=real_lipopeptides_graph_conditioning
    resources: tmpdir=/var/folders/3m/j07yfb1n1zl_ztwh3wsqr0s80000gn/T, mem_mb=12000, mem_mib=11445, runtime=30

[Wed Mar 25 23:44:21 2026]
Finished job 5.
1 of 55 steps (2%) done
Select jobs to execute...

[Wed Mar 25 23:44:21 2026]
rule create_training_sets:
    input: /Users/davidmeijer/Desktop/HARVEST_test/prior/raw/real_lipopeptides_graph_conditioning.jsonl
    output: /Users/davidmeijer/Desktop/HARVEST_test/3/prior/inputs/train_real_lipopeptides_graph_conditioning_SMILES_1.jsonl, /Users/davidmeijer/Desktop/HARVEST_test/3/prior/inputs/train_real_lipopeptides_graph_conditioning_SMILES_1.vocabulary, /Users/davidmeijer/Desktop/HARVEST_test/3/prior/inputs/train0_real_lipopeptides_graph_conditioning_SMILES_1.smi, /Users/davidmeijer/Desktop/HARVEST_test/3/prior/inputs/test0_real_lipopeptides_graph_conditioning_SMILES_1.smi, /Users/davidmeijer/Desktop/HARVEST_test/3/prior/inputs/test_condition_real_lipopeptides_graph_conditioning_SMILES_1.jsonl, /Users/davidmeijer/Desktop/HARVEST_test/3/prior/inputs/train_real_lipopeptides_graph_conditioning_SMILES_1.condition_vocab.json
    jobid: 6
    reason: Missing output files: /Users/davidmeijer/Desktop/HARVEST_test/3/prior/inputs/train0_real_lipopeptides_graph_conditioning_SMILES_1.smi, /Users/davidmeijer/Desktop/HARVEST_test/3/prior/inputs/train_real_lipopeptides_graph_conditioning_SMILES_1.jsonl, /Users/davidmeijer/Desktop/HARVEST_test/3/prior/inputs/train_real_lipopeptides_graph_conditioning_SMILES_1.vocabulary, /Users/davidmeijer/Desktop/HARVEST_test/3/prior/inputs/train_real_lipopeptides_graph_conditioning_SMILES_1.condition_vocab.json, /Users/davidmeijer/Desktop/HARVEST_test/3/prior/inputs/test0_real_lipopeptides_graph_conditioning_SMILES_1.smi, /Users/davidmeijer/Desktop/HARVEST_test/3/prior/inputs/test_condition_real_lipopeptides_graph_conditioning_SMILES_1.jsonl; Input files updated by another job: /Users/davidmeijer/Desktop/HARVEST_test/prior/raw/real_lipopeptides_graph_conditioning.jsonl
    wildcards: output_dir=/Users/davidmeijer/Desktop/HARVEST_test, enum_factor=3, dataset=real_lipopeptides_graph_conditioning, repr=SMILES, fold=1
    resources: tmpdir=/var/folders/3m/j07yfb1n1zl_ztwh3wsqr0s80000gn/T, mem_mb=20000, mem_mib=19074, runtime=60

[Wed Mar 25 23:44:25 2026]
Finished job 6.
2 of 55 steps (4%) done
Select jobs to execute...

[Wed Mar 25 23:44:25 2026]
rule train_models_RNN:
    input: /Users/davidmeijer/Desktop/HARVEST_test/3/prior/inputs/train_real_lipopeptides_graph_conditioning_SMILES_1.jsonl, /Users/davidmeijer/Desktop/HARVEST_test/3/prior/inputs/train_real_lipopeptides_graph_conditioning_SMILES_1.vocabulary, /Users/davidmeijer/Desktop/HARVEST_test/3/prior/inputs/train_real_lipopeptides_graph_conditioning_SMILES_1.condition_vocab.json
    output: /Users/davidmeijer/Desktop/HARVEST_test/3/prior/models/real_lipopeptides_graph_conditioning_SMILES_1_0_model.pt, /Users/davidmeijer/Desktop/HARVEST_test/3/prior/models/real_lipopeptides_graph_conditioning_SMILES_1_0_loss.csv.gz
    jobid: 19
    reason: Missing output files: /Users/davidmeijer/Desktop/HARVEST_test/3/prior/models/real_lipopeptides_graph_conditioning_SMILES_1_0_model.pt; Input files updated by another job: /Users/davidmeijer/Desktop/HARVEST_test/3/prior/inputs/train_real_lipopeptides_graph_conditioning_SMILES_1.vocabulary, /Users/davidmeijer/Desktop/HARVEST_test/3/prior/inputs/train_real_lipopeptides_graph_conditioning_SMILES_1.jsonl, /Users/davidmeijer/Desktop/HARVEST_test/3/prior/inputs/train_real_lipopeptides_graph_conditioning_SMILES_1.condition_vocab.json
    wildcards: output_dir=/Users/davidmeijer/Desktop/HARVEST_test, enum_factor=3, dataset=real_lipopeptides_graph_conditioning, repr=SMILES, fold=1, train_seed=0
    resources: tmpdir=/var/folders/3m/j07yfb1n1zl_ztwh3wsqr0s80000gn/T, mem_mb=32000, mem_mib=30518, runtime=4320, slurm_extra=--gres=gpu:1

Terminating processes on user request, this might take some time.
